// Jest Snapshot v1, https://goo.gl/fbAQLP

exports[`renders ./components/tabs/demo/basic.tsx correctly 1`] = `
<View
  style={
    Object {
      "flex": 1,
    }
  }
>
  <View
    onLayout={[Function]}
    style={
      Array [
        Object {
          "flex": 1,
        },
        Object {},
      ]
    }
  >
    <View
      style={
        Object {
          "borderBottomColor": "#dddddd",
          "borderBottomWidth": 1,
        }
      }
    >
      <View
        onLayout={[Function]}
        style={
          Array [
            Object {},
            Object {
              "backgroundColor": "#fff",
            },
          ]
        }
      >
        <RCTScrollView
          bounces={false}
          directionalLockEnabled={true}
          horizontal={true}
          renderToHardwareTextureAndroid={true}
          scrollEnabled={false}
          scrollsToTop={false}
          showsHorizontalScrollIndicator={false}
          showsVerticalScrollIndicator={false}
        >
          <View>
            <View
              onLayout={[Function]}
              style={
                Array [
                  Object {
                    "backgroundColor": "#ffffff",
                    "elevation": 0,
                    "flex": 1,
                    "flexDirection": "row",
                    "justifyContent": "space-around",
                    "shadowOpacity": 0,
                    "shadowRadius": 0,
                  },
                  Object {
                    "backgroundColor": "#fff",
                  },
                ]
              }
            >
              <View
                accessible={true}
                isTVSelectable={true}
                onLayout={[Function]}
                onResponderGrant={[Function]}
                onResponderMove={[Function]}
                onResponderRelease={[Function]}
                onResponderTerminate={[Function]}
                onResponderTerminationRequest={[Function]}
                onStartShouldSetResponder={[Function]}
                style={
                  Object {
                    "opacity": 1,
                  }
                }
              >
                <View
                  style={
                    Object {
                      "alignItems": "center",
                      "flexDirection": "row",
                      "height": 42,
                      "justifyContent": "center",
                      "padding": 0,
                      "width": 250,
                    }
                  }
                >
                  <Text
                    style={
                      Array [
                        Object {
                          "color": undefined,
                          "fontSize": 15,
                        },
                        Object {},
                      ]
                    }
                  >
                    First Tab
                  </Text>
                </View>
              </View>
              <View
                accessible={true}
                isTVSelectable={true}
                onLayout={[Function]}
                onResponderGrant={[Function]}
                onResponderMove={[Function]}
                onResponderRelease={[Function]}
                onResponderTerminate={[Function]}
                onResponderTerminationRequest={[Function]}
                onStartShouldSetResponder={[Function]}
                style={
                  Object {
                    "opacity": 1,
                  }
                }
              >
                <View
                  style={
                    Object {
                      "alignItems": "center",
                      "flexDirection": "row",
                      "height": 42,
                      "justifyContent": "center",
                      "padding": 0,
                      "width": 250,
                    }
                  }
                >
                  <Text
                    style={
                      Array [
                        Object {
                          "color": undefined,
                          "fontSize": 15,
                        },
                        Object {},
                      ]
                    }
                  >
                    Second Tab
                  </Text>
                </View>
              </View>
              <View
                accessible={true}
                isTVSelectable={true}
                onLayout={[Function]}
                onResponderGrant={[Function]}
                onResponderMove={[Function]}
                onResponderRelease={[Function]}
                onResponderTerminate={[Function]}
                onResponderTerminationRequest={[Function]}
                onStartShouldSetResponder={[Function]}
                style={
                  Object {
                    "opacity": 1,
                  }
                }
              >
                <View
                  style={
                    Object {
                      "alignItems": "center",
                      "flexDirection": "row",
                      "height": 42,
                      "justifyContent": "center",
                      "padding": 0,
                      "width": 250,
                    }
                  }
                >
                  <Text
                    style={
                      Array [
                        Object {
                          "color": undefined,
                          "fontSize": 15,
                        },
                        Object {},
                      ]
                    }
                  >
                    Third Tab
                  </Text>
                </View>
              </View>
              <View
                style={
                  Object {
                    "backgroundColor": "#108ee9",
                    "bottom": 0,
                    "height": 2,
                    "left": 0,
                    "position": "absolute",
                    "width": 0,
                  }
                }
              />
            </View>
          </View>
        </RCTScrollView>
      </View>
    </View>
    <RCTScrollView
      alwaysBounceVertical={false}
      automaticallyAdjustContentInsets={false}
      directionalLockEnabled={true}
      horizontal={true}
      keyboardDismissMode="on-drag"
      onMomentumScrollEnd={[Function]}
      onScroll={[Function]}
      pagingEnabled={true}
      scrollEnabled={true}
      scrollEventThrottle={16}
      scrollsToTop={false}
      showsHorizontalScrollIndicator={false}
    >
      <View>
        <View
          style={
            Object {
              "width": 750,
            }
          }
        >
          <View
            style={
              Object {
                "alignItems": "center",
                "backgroundColor": "#fff",
                "height": 150,
                "justifyContent": "center",
              }
            }
          >
            <Text>
              Content of First Tab
            </Text>
          </View>
        </View>
        <View
          style={
            Object {
              "width": 750,
            }
          }
        >
          <View
            style={
              Object {
                "alignItems": "center",
                "backgroundColor": "#fff",
                "height": 150,
                "justifyContent": "center",
              }
            }
          >
            <Text>
              Content of Second Tab
            </Text>
          </View>
        </View>
        <View
          style={
            Object {
              "width": 750,
            }
          }
        />
      </View>
    </RCTScrollView>
  </View>
  <View
    style={
      Object {
        "flex": 2,
      }
    }
  >
    <View
      onLayout={[Function]}
      style={
        Array [
          Object {
            "flex": 1,
          },
          Object {},
        ]
      }
    >
      <View
        style={
          Object {
            "borderBottomColor": "#dddddd",
            "borderBottomWidth": 1,
          }
        }
      >
        <View
          onLayout={[Function]}
          style={
            Array [
              Object {},
              Object {
                "backgroundColor": "#fff",
              },
            ]
          }
        >
          <RCTScrollView
            bounces={false}
            directionalLockEnabled={true}
            horizontal={true}
            renderToHardwareTextureAndroid={true}
            scrollEnabled={true}
            scrollsToTop={false}
            showsHorizontalScrollIndicator={false}
            showsVerticalScrollIndicator={false}
          >
            <View>
              <View
                onLayout={[Function]}
                style={
                  Array [
                    Object {
                      "backgroundColor": "#ffffff",
                      "elevation": 0,
                      "flex": 1,
                      "flexDirection": "row",
                      "justifyContent": "space-around",
                      "shadowOpacity": 0,
                      "shadowRadius": 0,
                    },
                    Object {
                      "backgroundColor": "#fff",
                    },
                  ]
                }
              >
                <View
                  accessible={true}
                  isTVSelectable={true}
                  onLayout={[Function]}
                  onResponderGrant={[Function]}
                  onResponderMove={[Function]}
                  onResponderRelease={[Function]}
                  onResponderTerminate={[Function]}
                  onResponderTerminationRequest={[Function]}
                  onStartShouldSetResponder={[Function]}
                  style={
                    Object {
                      "opacity": 1,
                    }
                  }
                >
                  <View
                    style={
                      Object {
                        "alignItems": "center",
                        "flexDirection": "row",
                        "height": 42,
                        "justifyContent": "center",
                        "padding": 0,
                        "width": 150,
                      }
                    }
                  >
                    <Text
                      style={
                        Array [
                          Object {
                            "color": undefined,
                            "fontSize": 15,
                          },
                          Object {},
                        ]
                      }
                    >
                      1st Tab
                    </Text>
                  </View>
                </View>
                <View
                  accessible={true}
                  isTVSelectable={true}
                  onLayout={[Function]}
                  onResponderGrant={[Function]}
                  onResponderMove={[Function]}
                  onResponderRelease={[Function]}
                  onResponderTerminate={[Function]}
                  onResponderTerminationRequest={[Function]}
                  onStartShouldSetResponder={[Function]}
                  style={
                    Object {
                      "opacity": 1,
                    }
                  }
                >
                  <View
                    style={
                      Object {
                        "alignItems": "center",
                        "flexDirection": "row",
                        "height": 42,
                        "justifyContent": "center",
                        "padding": 0,
                        "width": 150,
                      }
                    }
                  >
                    <Text
                      style={
                        Array [
                          Object {
                            "color": undefined,
                            "fontSize": 15,
                          },
                          Object {},
                        ]
                      }
                    >
                      2nd Tab
                    </Text>
                  </View>
                </View>
                <View
                  accessible={true}
                  isTVSelectable={true}
                  onLayout={[Function]}
                  onResponderGrant={[Function]}
                  onResponderMove={[Function]}
                  onResponderRelease={[Function]}
                  onResponderTerminate={[Function]}
                  onResponderTerminationRequest={[Function]}
                  onStartShouldSetResponder={[Function]}
                  style={
                    Object {
                      "opacity": 1,
                    }
                  }
                >
                  <View
                    style={
                      Object {
                        "alignItems": "center",
                        "flexDirection": "row",
                        "height": 42,
                        "justifyContent": "center",
                        "padding": 0,
                        "width": 150,
                      }
                    }
                  >
                    <Text
                      style={
                        Array [
                          Object {
                            "color": undefined,
                            "fontSize": 15,
                          },
                          Object {},
                        ]
                      }
                    >
                      3rd Tab
                    </Text>
                  </View>
                </View>
                <View
                  accessible={true}
                  isTVSelectable={true}
                  onLayout={[Function]}
                  onResponderGrant={[Function]}
                  onResponderMove={[Function]}
                  onResponderRelease={[Function]}
                  onResponderTerminate={[Function]}
                  onResponderTerminationRequest={[Function]}
                  onStartShouldSetResponder={[Function]}
                  style={
                    Object {
                      "opacity": 1,
                    }
                  }
                >
                  <View
                    style={
                      Object {
                        "alignItems": "center",
                        "flexDirection": "row",
                        "height": 42,
                        "justifyContent": "center",
                        "padding": 0,
                        "width": 150,
                      }
                    }
                  >
                    <Text
                      style={
                        Array [
                          Object {
                            "color": undefined,
                            "fontSize": 15,
                          },
                          Object {},
                        ]
                      }
                    >
                      4th Tab
                    </Text>
                  </View>
                </View>
                <View
                  accessible={true}
                  isTVSelectable={true}
                  onLayout={[Function]}
                  onResponderGrant={[Function]}
                  onResponderMove={[Function]}
                  onResponderRelease={[Function]}
                  onResponderTerminate={[Function]}
                  onResponderTerminationRequest={[Function]}
                  onStartShouldSetResponder={[Function]}
                  style={
                    Object {
                      "opacity": 1,
                    }
                  }
                >
                  <View
                    style={
                      Object {
                        "alignItems": "center",
                        "flexDirection": "row",
                        "height": 42,
                        "justifyContent": "center",
                        "padding": 0,
                        "width": 150,
                      }
                    }
                  >
                    <Text
                      style={
                        Array [
                          Object {
                            "color": undefined,
                            "fontSize": 15,
                          },
                          Object {},
                        ]
                      }
                    >
                      5th Tab
                    </Text>
                  </View>
                </View>
                <View
                  accessible={true}
                  isTVSelectable={true}
                  onLayout={[Function]}
                  onResponderGrant={[Function]}
                  onResponderMove={[Function]}
                  onResponderRelease={[Function]}
                  onResponderTerminate={[Function]}
                  onResponderTerminationRequest={[Function]}
                  onStartShouldSetResponder={[Function]}
                  style={
                    Object {
                      "opacity": 1,
                    }
                  }
                >
                  <View
                    style={
                      Object {
                        "alignItems": "center",
                        "flexDirection": "row",
                        "height": 42,
                        "justifyContent": "center",
                        "padding": 0,
                        "width": 150,
                      }
                    }
                  >
                    <Text
                      style={
                        Array [
                          Object {
                            "color": undefined,
                            "fontSize": 15,
                          },
                          Object {},
                        ]
                      }
                    >
                      6th Tab
                    </Text>
                  </View>
                </View>
                <View
                  accessible={true}
                  isTVSelectable={true}
                  onLayout={[Function]}
                  onResponderGrant={[Function]}
                  onResponderMove={[Function]}
                  onResponderRelease={[Function]}
                  onResponderTerminate={[Function]}
                  onResponderTerminationRequest={[Function]}
                  onStartShouldSetResponder={[Function]}
                  style={
                    Object {
                      "opacity": 1,
                    }
                  }
                >
                  <View
                    style={
                      Object {
                        "alignItems": "center",
                        "flexDirection": "row",
                        "height": 42,
                        "justifyContent": "center",
                        "padding": 0,
                        "width": 150,
                      }
                    }
                  >
                    <Text
                      style={
                        Array [
                          Object {
                            "color": undefined,
                            "fontSize": 15,
                          },
                          Object {},
                        ]
                      }
                    >
                      7th Tab
                    </Text>
                  </View>
                </View>
                <View
                  accessible={true}
                  isTVSelectable={true}
                  onLayout={[Function]}
                  onResponderGrant={[Function]}
                  onResponderMove={[Function]}
                  onResponderRelease={[Function]}
                  onResponderTerminate={[Function]}
                  onResponderTerminationRequest={[Function]}
                  onStartShouldSetResponder={[Function]}
                  style={
                    Object {
                      "opacity": 1,
                    }
                  }
                >
                  <View
                    style={
                      Object {
                        "alignItems": "center",
                        "flexDirection": "row",
                        "height": 42,
                        "justifyContent": "center",
                        "padding": 0,
                        "width": 150,
                      }
                    }
                  >
                    <Text
                      style={
                        Array [
                          Object {
                            "color": undefined,
                            "fontSize": 15,
                          },
                          Object {},
                        ]
                      }
                    >
                      8th Tab
                    </Text>
                  </View>
                </View>
                <View
                  accessible={true}
                  isTVSelectable={true}
                  onLayout={[Function]}
                  onResponderGrant={[Function]}
                  onResponderMove={[Function]}
                  onResponderRelease={[Function]}
                  onResponderTerminate={[Function]}
                  onResponderTerminationRequest={[Function]}
                  onStartShouldSetResponder={[Function]}
                  style={
                    Object {
                      "opacity": 1,
                    }
                  }
                >
                  <View
                    style={
                      Object {
                        "alignItems": "center",
                        "flexDirection": "row",
                        "height": 42,
                        "justifyContent": "center",
                        "padding": 0,
                        "width": 150,
                      }
                    }
                  >
                    <Text
                      style={
                        Array [
                          Object {
                            "color": undefined,
                            "fontSize": 15,
                          },
                          Object {},
                        ]
                      }
                    >
                      9th Tab
                    </Text>
                  </View>
                </View>
                <View
                  style={
                    Object {
                      "backgroundColor": "#108ee9",
                      "bottom": 0,
                      "height": 2,
                      "left": 0,
                      "position": "absolute",
                      "width": 0,
                    }
                  }
                />
              </View>
            </View>
          </RCTScrollView>
        </View>
      </View>
      <RCTScrollView
        alwaysBounceVertical={false}
        automaticallyAdjustContentInsets={false}
        directionalLockEnabled={true}
        horizontal={true}
        keyboardDismissMode="on-drag"
        onMomentumScrollEnd={[Function]}
        onScroll={[Function]}
        pagingEnabled={true}
        scrollEnabled={true}
        scrollEventThrottle={16}
        scrollsToTop={false}
        showsHorizontalScrollIndicator={false}
      >
        <View>
          <View
            style={
              Object {
                "width": 750,
              }
            }
          >
            <RCTScrollView
              style={
                Object {
                  "backgroundColor": "#fff",
                }
              }
            >
              <View>
                <View
                  style={
                    Object {
                      "alignItems": "center",
                      "backgroundColor": "#ddd",
                      "justifyContent": "center",
                      "margin": 10,
                      "paddingVertical": 40,
                    }
                  }
                >
                  <Text>
                    1st Tab
                     - 
                    1
                  </Text>
                </View>
                <View
                  style={
                    Object {
                      "alignItems": "center",
                      "backgroundColor": "#ddd",
                      "justifyContent": "center",
                      "margin": 10,
                      "paddingVertical": 40,
                    }
                  }
                >
                  <Text>
                    1st Tab
                     - 
                    2
                  </Text>
                </View>
                <View
                  style={
                    Object {
                      "alignItems": "center",
                      "backgroundColor": "#ddd",
                      "justifyContent": "center",
                      "margin": 10,
                      "paddingVertical": 40,
                    }
                  }
                >
                  <Text>
                    1st Tab
                     - 
                    3
                  </Text>
                </View>
                <View
                  style={
                    Object {
                      "alignItems": "center",
                      "backgroundColor": "#ddd",
                      "justifyContent": "center",
                      "margin": 10,
                      "paddingVertical": 40,
                    }
                  }
                >
                  <Text>
                    1st Tab
                     - 
                    4
                  </Text>
                </View>
                <View
                  style={
                    Object {
                      "alignItems": "center",
                      "backgroundColor": "#ddd",
                      "justifyContent": "center",
                      "margin": 10,
                      "paddingVertical": 40,
                    }
                  }
                >
                  <Text>
                    1st Tab
                     - 
                    5
                  </Text>
                </View>
                <View
                  style={
                    Object {
                      "alignItems": "center",
                      "backgroundColor": "#ddd",
                      "justifyContent": "center",
                      "margin": 10,
                      "paddingVertical": 40,
                    }
                  }
                >
                  <Text>
                    1st Tab
                     - 
                    6
                  </Text>
                </View>
                <View
                  style={
                    Object {
                      "alignItems": "center",
                      "backgroundColor": "#ddd",
                      "justifyContent": "center",
                      "margin": 10,
                      "paddingVertical": 40,
                    }
                  }
                >
                  <Text>
                    1st Tab
                     - 
                    7
                  </Text>
                </View>
                <View
                  style={
                    Object {
                      "alignItems": "center",
                      "backgroundColor": "#ddd",
                      "justifyContent": "center",
                      "margin": 10,
                      "paddingVertical": 40,
                    }
                  }
                >
                  <Text>
                    1st Tab
                     - 
                    8
                  </Text>
                </View>
              </View>
            </RCTScrollView>
          </View>
          <View
            style={
              Object {
                "width": 750,
              }
            }
          >
            <RCTScrollView
              style={
                Object {
                  "backgroundColor": "#fff",
                }
              }
            >
              <View>
                <View
                  style={
                    Object {
                      "alignItems": "center",
                      "backgroundColor": "#ddd",
                      "justifyContent": "center",
                      "margin": 10,
                      "paddingVertical": 40,
                    }
                  }
                >
                  <Text>
                    2nd Tab
                     - 
                    1
                  </Text>
                </View>
                <View
                  style={
                    Object {
                      "alignItems": "center",
                      "backgroundColor": "#ddd",
                      "justifyContent": "center",
                      "margin": 10,
                      "paddingVertical": 40,
                    }
                  }
                >
                  <Text>
                    2nd Tab
                     - 
                    2
                  </Text>
                </View>
                <View
                  style={
                    Object {
                      "alignItems": "center",
                      "backgroundColor": "#ddd",
                      "justifyContent": "center",
                      "margin": 10,
                      "paddingVertical": 40,
                    }
                  }
                >
                  <Text>
                    2nd Tab
                     - 
                    3
                  </Text>
                </View>
                <View
                  style={
                    Object {
                      "alignItems": "center",
                      "backgroundColor": "#ddd",
                      "justifyContent": "center",
                      "margin": 10,
                      "paddingVertical": 40,
                    }
                  }
                >
                  <Text>
                    2nd Tab
                     - 
                    4
                  </Text>
                </View>
                <View
                  style={
                    Object {
                      "alignItems": "center",
                      "backgroundColor": "#ddd",
                      "justifyContent": "center",
                      "margin": 10,
                      "paddingVertical": 40,
                    }
                  }
                >
                  <Text>
                    2nd Tab
                     - 
                    5
                  </Text>
                </View>
                <View
                  style={
                    Object {
                      "alignItems": "center",
                      "backgroundColor": "#ddd",
                      "justifyContent": "center",
                      "margin": 10,
                      "paddingVertical": 40,
                    }
                  }
                >
                  <Text>
                    2nd Tab
                     - 
                    6
                  </Text>
                </View>
                <View
                  style={
                    Object {
                      "alignItems": "center",
                      "backgroundColor": "#ddd",
                      "justifyContent": "center",
                      "margin": 10,
                      "paddingVertical": 40,
                    }
                  }
                >
                  <Text>
                    2nd Tab
                     - 
                    7
                  </Text>
                </View>
                <View
                  style={
                    Object {
                      "alignItems": "center",
                      "backgroundColor": "#ddd",
                      "justifyContent": "center",
                      "margin": 10,
                      "paddingVertical": 40,
                    }
                  }
                >
                  <Text>
                    2nd Tab
                     - 
                    8
                  </Text>
                </View>
              </View>
            </RCTScrollView>
          </View>
          <View
            style={
              Object {
                "width": 750,
              }
            }
          >
            <RCTScrollView
              style={
                Object {
                  "backgroundColor": "#fff",
                }
              }
            >
              <View>
                <View
                  style={
                    Object {
                      "alignItems": "center",
                      "backgroundColor": "#ddd",
                      "justifyContent": "center",
                      "margin": 10,
                      "paddingVertical": 40,
                    }
                  }
                >
                  <Text>
                    3rd Tab
                     - 
                    1
                  </Text>
                </View>
                <View
                  style={
                    Object {
                      "alignItems": "center",
                      "backgroundColor": "#ddd",
                      "justifyContent": "center",
                      "margin": 10,
                      "paddingVertical": 40,
                    }
                  }
                >
                  <Text>
                    3rd Tab
                     - 
                    2
                  </Text>
                </View>
                <View
                  style={
                    Object {
                      "alignItems": "center",
                      "backgroundColor": "#ddd",
                      "justifyContent": "center",
                      "margin": 10,
                      "paddingVertical": 40,
                    }
                  }
                >
                  <Text>
                    3rd Tab
                     - 
                    3
                  </Text>
                </View>
                <View
                  style={
                    Object {
                      "alignItems": "center",
                      "backgroundColor": "#ddd",
                      "justifyContent": "center",
                      "margin": 10,
                      "paddingVertical": 40,
                    }
                  }
                >
                  <Text>
                    3rd Tab
                     - 
                    4
                  </Text>
                </View>
                <View
                  style={
                    Object {
                      "alignItems": "center",
                      "backgroundColor": "#ddd",
                      "justifyContent": "center",
                      "margin": 10,
                      "paddingVertical": 40,
                    }
                  }
                >
                  <Text>
                    3rd Tab
                     - 
                    5
                  </Text>
                </View>
                <View
                  style={
                    Object {
                      "alignItems": "center",
                      "backgroundColor": "#ddd",
                      "justifyContent": "center",
                      "margin": 10,
                      "paddingVertical": 40,
                    }
                  }
                >
                  <Text>
                    3rd Tab
                     - 
                    6
                  </Text>
                </View>
                <View
                  style={
                    Object {
                      "alignItems": "center",
                      "backgroundColor": "#ddd",
                      "justifyContent": "center",
                      "margin": 10,
                      "paddingVertical": 40,
                    }
                  }
                >
                  <Text>
                    3rd Tab
                     - 
                    7
                  </Text>
                </View>
                <View
                  style={
                    Object {
                      "alignItems": "center",
                      "backgroundColor": "#ddd",
                      "justifyContent": "center",
                      "margin": 10,
                      "paddingVertical": 40,
                    }
                  }
                >
                  <Text>
                    3rd Tab
                     - 
                    8
                  </Text>
                </View>
              </View>
            </RCTScrollView>
          </View>
          <View
            style={
              Object {
                "width": 750,
              }
            }
          />
          <View
            style={
              Object {
                "width": 750,
              }
            }
          />
          <View
            style={
              Object {
                "width": 750,
              }
            }
          />
          <View
            style={
              Object {
                "width": 750,
              }
            }
          />
          <View
            style={
              Object {
                "width": 750,
              }
            }
          />
          <View
            style={
              Object {
                "width": 750,
              }
            }
          />
        </View>
      </RCTScrollView>
    </View>
  </View>
</View>
`;
