// Jest Snapshot v1, https://goo.gl/fbAQLP

exports[`renders ./components/slider/demo/basic.tsx correctly 1`] = `
<RCTScrollView>
  <View>
    <View
      style={
        Array [
          Object {
            "backgroundColor": "#f5f5f9",
          },
          undefined,
        ]
      }
    >
      <Text
        style={
          Object {
            "color": "#888888",
            "fontSize": 14,
            "paddingBottom": 9,
            "paddingHorizontal": 15,
            "paddingTop": 15,
          }
        }
      >
        基础用法
      </Text>
      <View
        style={
          Object {
            "borderTopColor": "#eeeeee",
            "borderTopWidth": 0.5,
            "position": "relative",
          }
        }
      >
        <View
          accessible={false}
          focusable={false}
          onClick={[Function]}
          onResponderGrant={[Function]}
          onResponderMove={[Function]}
          onResponderRelease={[Function]}
          onResponderTerminate={[Function]}
          onResponderTerminationRequest={[Function]}
          onStartShouldSetResponder={[Function]}
        >
          <View
            style={
              Array [
                Object {
                  "alignItems": "center",
                  "backgroundColor": "#ffffff",
                  "flexDirection": "row",
                  "flexGrow": 1,
                  "paddingLeft": 15,
                },
                undefined,
              ]
            }
          >
            <View
              style={
                Array [
                  Object {
                    "alignItems": "center",
                    "borderBottomColor": "#dddddd",
                    "borderBottomWidth": 0.5,
                    "flex": 1,
                    "flexDirection": "row",
                    "minHeight": 44,
                    "paddingRight": 15,
                    "paddingVertical": 6,
                  },
                  false,
                  false,
                ]
              }
            >
              <View
                onAfterChange={[Function]}
                style={
                  Array [
                    Object {
                      "color": "#000000",
                      "flex": 1,
                      "fontSize": 17,
                      "textAlignVertical": "center",
                    },
                    undefined,
                  ]
                }
              >
                <View
                  style={
                    Array [
                      Object {
                        "paddingHorizontal": 14,
                        "paddingVertical": 5,
                      },
                      false,
                      undefined,
                    ]
                  }
                >
                  <View
                    onLayout={[Function]}
                    onResponderRelease={[Function]}
                    onStartShouldSetResponder={[Function]}
                    style={
                      Object {
                        "alignItems": "center",
                        "display": "flex",
                        "flexDirection": "row",
                        "paddingVertical": 8,
                        "position": "relative",
                        "width": "100%",
                      }
                    }
                  >
                    <View
                      style={
                        Object {
                          "backgroundColor": "#f7f7f7",
                          "borderRadius": 3,
                          "height": 3,
                          "position": "absolute",
                          "width": "100%",
                          "zIndex": 1,
                        }
                      }
                    />
                    <View
                      style={
                        Array [
                          Object {
                            "backgroundColor": "#108ee9",
                            "borderRadius": 3,
                            "height": 3,
                            "position": "absolute",
                            "zIndex": 1,
                          },
                          Object {
                            "left": "0%",
                            "width": "0%",
                          },
                        ]
                      }
                    />
                    <View
                      animatedStyle={
                        Object {
                          "value": Object {
                            "transform": Array [
                              Object {
                                "translateX": 0,
                              },
                            ],
                          },
                        }
                      }
                      collapsable={false}
                      onLayout={[Function]}
                      onStartShouldSetResponder={[Function]}
                      style={
                        Object {
                          "transform": Array [
                            Object {
                              "translateX": 0,
                            },
                          ],
                          "zIndex": 2,
                        }
                      }
                    >
                      <View
                        style={
                          Object {
                            "alignItems": "center",
                            "backgroundColor": "#ffffff",
                            "borderRadius": 32,
                            "elevation": 3,
                            "flexDirection": "row",
                            "height": 32,
                            "justifyContent": "center",
                            "shadowColor": "#000000",
                            "shadowOffset": Object {
                              "height": 1,
                              "width": 0,
                            },
                            "shadowOpacity": 0.2,
                            "shadowRadius": 3,
                            "width": 32,
                          }
                        }
                      >
                        <View
                          style={
                            Array [
                              Object {
                                "borderRadius": 2,
                                "height": "30%",
                                "width": 2,
                              },
                              Object {
                                "backgroundColor": "#108ee9",
                              },
                            ]
                          }
                        />
                        <View
                          style={
                            Array [
                              Object {
                                "borderRadius": 2,
                                "height": "30%",
                                "width": 2,
                              },
                              Object {
                                "backgroundColor": "#108ee9",
                                "height": "42%",
                                "marginHorizontal": 3,
                              },
                            ]
                          }
                        />
                        <View
                          style={
                            Array [
                              Object {
                                "borderRadius": 2,
                                "height": "30%",
                                "width": 2,
                              },
                              Object {
                                "backgroundColor": "#108ee9",
                              },
                            ]
                          }
                        />
                      </View>
                    </View>
                  </View>
                </View>
              </View>
            </View>
          </View>
        </View>
        <View
          style={
            Object {
              "backgroundColor": "#eeeeee",
              "bottom": 0,
              "height": 0.5,
              "left": 0,
              "position": "absolute",
              "right": 0,
            }
          }
        />
      </View>
    </View>
    <View
      style={
        Array [
          Object {
            "backgroundColor": "#f5f5f9",
          },
          undefined,
        ]
      }
    >
      <Text
        style={
          Object {
            "color": "#888888",
            "fontSize": 14,
            "paddingBottom": 9,
            "paddingHorizontal": 15,
            "paddingTop": 15,
          }
        }
      >
        显示刻度(ticks)并指定步距(step)
      </Text>
      <View
        style={
          Object {
            "borderTopColor": "#eeeeee",
            "borderTopWidth": 0.5,
            "position": "relative",
          }
        }
      >
        <View
          accessible={false}
          focusable={false}
          onClick={[Function]}
          onResponderGrant={[Function]}
          onResponderMove={[Function]}
          onResponderRelease={[Function]}
          onResponderTerminate={[Function]}
          onResponderTerminationRequest={[Function]}
          onStartShouldSetResponder={[Function]}
        >
          <View
            style={
              Array [
                Object {
                  "alignItems": "center",
                  "backgroundColor": "#ffffff",
                  "flexDirection": "row",
                  "flexGrow": 1,
                  "paddingLeft": 15,
                },
                undefined,
              ]
            }
          >
            <View
              style={
                Array [
                  Object {
                    "alignItems": "center",
                    "borderBottomColor": "#dddddd",
                    "borderBottomWidth": 0.5,
                    "flex": 1,
                    "flexDirection": "row",
                    "minHeight": 44,
                    "paddingRight": 15,
                    "paddingVertical": 6,
                  },
                  false,
                  false,
                ]
              }
            >
              <View
                defaultValue={40}
                step={10}
                style={
                  Array [
                    Object {
                      "color": "#000000",
                      "flex": 1,
                      "fontSize": 17,
                      "textAlignVertical": "center",
                    },
                    undefined,
                  ]
                }
                ticks={true}
              >
                <View
                  style={
                    Array [
                      Object {
                        "paddingHorizontal": 14,
                        "paddingVertical": 5,
                      },
                      false,
                      undefined,
                    ]
                  }
                >
                  <View
                    onLayout={[Function]}
                    onResponderRelease={[Function]}
                    onStartShouldSetResponder={[Function]}
                    style={
                      Object {
                        "alignItems": "center",
                        "display": "flex",
                        "flexDirection": "row",
                        "paddingVertical": 8,
                        "position": "relative",
                        "width": "100%",
                      }
                    }
                  >
                    <View
                      style={
                        Object {
                          "backgroundColor": "#f7f7f7",
                          "borderRadius": 3,
                          "height": 3,
                          "position": "absolute",
                          "width": "100%",
                          "zIndex": 1,
                        }
                      }
                    />
                    <View
                      style={
                        Array [
                          Object {
                            "backgroundColor": "#108ee9",
                            "borderRadius": 3,
                            "height": 3,
                            "position": "absolute",
                            "zIndex": 1,
                          },
                          Object {
                            "left": "0%",
                            "width": "40%",
                          },
                        ]
                      }
                    />
                    <View
                      style={
                        Object {
                          "backgroundColor": "transparent",
                          "height": 3,
                          "position": "absolute",
                          "width": "100%",
                        }
                      }
                    >
                      <View
                        style={
                          Array [
                            Object {
                              "backgroundColor": "#f7f7f7",
                              "borderRadius": 7,
                              "height": 7,
                              "marginLeft": -3,
                              "position": "absolute",
                              "top": -2,
                              "width": 7,
                            },
                            Object {
                              "backgroundColor": "#108ee9",
                            },
                            Object {
                              "left": "0%",
                            },
                          ]
                        }
                      />
                      <View
                        style={
                          Array [
                            Object {
                              "backgroundColor": "#f7f7f7",
                              "borderRadius": 7,
                              "height": 7,
                              "marginLeft": -3,
                              "position": "absolute",
                              "top": -2,
                              "width": 7,
                            },
                            Object {
                              "backgroundColor": "#108ee9",
                            },
                            Object {
                              "left": "10%",
                            },
                          ]
                        }
                      />
                      <View
                        style={
                          Array [
                            Object {
                              "backgroundColor": "#f7f7f7",
                              "borderRadius": 7,
                              "height": 7,
                              "marginLeft": -3,
                              "position": "absolute",
                              "top": -2,
                              "width": 7,
                            },
                            Object {
                              "backgroundColor": "#108ee9",
                            },
                            Object {
                              "left": "20%",
                            },
                          ]
                        }
                      />
                      <View
                        style={
                          Array [
                            Object {
                              "backgroundColor": "#f7f7f7",
                              "borderRadius": 7,
                              "height": 7,
                              "marginLeft": -3,
                              "position": "absolute",
                              "top": -2,
                              "width": 7,
                            },
                            Object {
                              "backgroundColor": "#108ee9",
                            },
                            Object {
                              "left": "30%",
                            },
                          ]
                        }
                      />
                      <View
                        style={
                          Array [
                            Object {
                              "backgroundColor": "#f7f7f7",
                              "borderRadius": 7,
                              "height": 7,
                              "marginLeft": -3,
                              "position": "absolute",
                              "top": -2,
                              "width": 7,
                            },
                            Object {
                              "backgroundColor": "#108ee9",
                            },
                            Object {
                              "left": "40%",
                            },
                          ]
                        }
                      />
                      <View
                        style={
                          Array [
                            Object {
                              "backgroundColor": "#f7f7f7",
                              "borderRadius": 7,
                              "height": 7,
                              "marginLeft": -3,
                              "position": "absolute",
                              "top": -2,
                              "width": 7,
                            },
                            false,
                            Object {
                              "left": "50%",
                            },
                          ]
                        }
                      />
                      <View
                        style={
                          Array [
                            Object {
                              "backgroundColor": "#f7f7f7",
                              "borderRadius": 7,
                              "height": 7,
                              "marginLeft": -3,
                              "position": "absolute",
                              "top": -2,
                              "width": 7,
                            },
                            false,
                            Object {
                              "left": "60%",
                            },
                          ]
                        }
                      />
                      <View
                        style={
                          Array [
                            Object {
                              "backgroundColor": "#f7f7f7",
                              "borderRadius": 7,
                              "height": 7,
                              "marginLeft": -3,
                              "position": "absolute",
                              "top": -2,
                              "width": 7,
                            },
                            false,
                            Object {
                              "left": "70%",
                            },
                          ]
                        }
                      />
                      <View
                        style={
                          Array [
                            Object {
                              "backgroundColor": "#f7f7f7",
                              "borderRadius": 7,
                              "height": 7,
                              "marginLeft": -3,
                              "position": "absolute",
                              "top": -2,
                              "width": 7,
                            },
                            false,
                            Object {
                              "left": "80%",
                            },
                          ]
                        }
                      />
                      <View
                        style={
                          Array [
                            Object {
                              "backgroundColor": "#f7f7f7",
                              "borderRadius": 7,
                              "height": 7,
                              "marginLeft": -3,
                              "position": "absolute",
                              "top": -2,
                              "width": 7,
                            },
                            false,
                            Object {
                              "left": "90%",
                            },
                          ]
                        }
                      />
                      <View
                        style={
                          Array [
                            Object {
                              "backgroundColor": "#f7f7f7",
                              "borderRadius": 7,
                              "height": 7,
                              "marginLeft": -3,
                              "position": "absolute",
                              "top": -2,
                              "width": 7,
                            },
                            false,
                            Object {
                              "left": "100%",
                            },
                          ]
                        }
                      />
                    </View>
                    <View
                      animatedStyle={
                        Object {
                          "value": Object {
                            "transform": Array [
                              Object {
                                "translateX": 0,
                              },
                            ],
                          },
                        }
                      }
                      collapsable={false}
                      onLayout={[Function]}
                      onStartShouldSetResponder={[Function]}
                      style={
                        Object {
                          "transform": Array [
                            Object {
                              "translateX": 0,
                            },
                          ],
                          "zIndex": 2,
                        }
                      }
                    >
                      <View
                        style={
                          Object {
                            "alignItems": "center",
                            "backgroundColor": "#ffffff",
                            "borderRadius": 32,
                            "elevation": 3,
                            "flexDirection": "row",
                            "height": 32,
                            "justifyContent": "center",
                            "shadowColor": "#000000",
                            "shadowOffset": Object {
                              "height": 1,
                              "width": 0,
                            },
                            "shadowOpacity": 0.2,
                            "shadowRadius": 3,
                            "width": 32,
                          }
                        }
                      >
                        <View
                          style={
                            Array [
                              Object {
                                "borderRadius": 2,
                                "height": "30%",
                                "width": 2,
                              },
                              Object {
                                "backgroundColor": "#108ee9",
                              },
                            ]
                          }
                        />
                        <View
                          style={
                            Array [
                              Object {
                                "borderRadius": 2,
                                "height": "30%",
                                "width": 2,
                              },
                              Object {
                                "backgroundColor": "#108ee9",
                                "height": "42%",
                                "marginHorizontal": 3,
                              },
                            ]
                          }
                        />
                        <View
                          style={
                            Array [
                              Object {
                                "borderRadius": 2,
                                "height": "30%",
                                "width": 2,
                              },
                              Object {
                                "backgroundColor": "#108ee9",
                              },
                            ]
                          }
                        />
                      </View>
                    </View>
                  </View>
                </View>
              </View>
            </View>
          </View>
        </View>
        <View
          style={
            Object {
              "backgroundColor": "#eeeeee",
              "bottom": 0,
              "height": 0.5,
              "left": 0,
              "position": "absolute",
              "right": 0,
            }
          }
        />
      </View>
    </View>
    <View
      style={
        Array [
          Object {
            "backgroundColor": "#f5f5f9",
          },
          undefined,
        ]
      }
    >
      <Text
        style={
          Object {
            "color": "#888888",
            "fontSize": 14,
            "paddingBottom": 9,
            "paddingHorizontal": 15,
            "paddingTop": 15,
          }
        }
      >
        传入刻度标记(marks)
      </Text>
      <View
        style={
          Object {
            "borderTopColor": "#eeeeee",
            "borderTopWidth": 0.5,
            "position": "relative",
          }
        }
      >
        <View
          accessible={false}
          focusable={false}
          onClick={[Function]}
          onResponderGrant={[Function]}
          onResponderMove={[Function]}
          onResponderRelease={[Function]}
          onResponderTerminate={[Function]}
          onResponderTerminationRequest={[Function]}
          onStartShouldSetResponder={[Function]}
        >
          <View
            style={
              Array [
                Object {
                  "alignItems": "center",
                  "backgroundColor": "#ffffff",
                  "flexDirection": "row",
                  "flexGrow": 1,
                  "paddingLeft": 15,
                },
                undefined,
              ]
            }
          >
            <View
              style={
                Array [
                  Object {
                    "alignItems": "center",
                    "borderBottomColor": "#dddddd",
                    "borderBottomWidth": 0.5,
                    "flex": 1,
                    "flexDirection": "row",
                    "minHeight": 44,
                    "paddingRight": 15,
                    "paddingVertical": 6,
                  },
                  false,
                  false,
                ]
              }
            >
              <View
                marks={
                  Object {
                    "0": 0,
                    "100": 100,
                    "20": 20,
                    "40": 40,
                    "60": 60,
                    "80": 80,
                  }
                }
                step={20}
                style={
                  Array [
                    Object {
                      "color": "#000000",
                      "flex": 1,
                      "fontSize": 17,
                      "textAlignVertical": "center",
                    },
                    undefined,
                  ]
                }
                ticks={true}
              >
                <View
                  style={
                    Array [
                      Object {
                        "paddingHorizontal": 14,
                        "paddingVertical": 5,
                      },
                      false,
                      undefined,
                    ]
                  }
                >
                  <View
                    onLayout={[Function]}
                    onResponderRelease={[Function]}
                    onStartShouldSetResponder={[Function]}
                    style={
                      Object {
                        "alignItems": "center",
                        "display": "flex",
                        "flexDirection": "row",
                        "paddingVertical": 8,
                        "position": "relative",
                        "width": "100%",
                      }
                    }
                  >
                    <View
                      style={
                        Object {
                          "backgroundColor": "#f7f7f7",
                          "borderRadius": 3,
                          "height": 3,
                          "position": "absolute",
                          "width": "100%",
                          "zIndex": 1,
                        }
                      }
                    />
                    <View
                      style={
                        Array [
                          Object {
                            "backgroundColor": "#108ee9",
                            "borderRadius": 3,
                            "height": 3,
                            "position": "absolute",
                            "zIndex": 1,
                          },
                          Object {
                            "left": "0%",
                            "width": "0%",
                          },
                        ]
                      }
                    />
                    <View
                      style={
                        Object {
                          "backgroundColor": "transparent",
                          "height": 3,
                          "position": "absolute",
                          "width": "100%",
                        }
                      }
                    >
                      <View
                        style={
                          Array [
                            Object {
                              "backgroundColor": "#f7f7f7",
                              "borderRadius": 7,
                              "height": 7,
                              "marginLeft": -3,
                              "position": "absolute",
                              "top": -2,
                              "width": 7,
                            },
                            Object {
                              "backgroundColor": "#108ee9",
                            },
                            Object {
                              "left": "0%",
                            },
                          ]
                        }
                      />
                      <View
                        style={
                          Array [
                            Object {
                              "backgroundColor": "#f7f7f7",
                              "borderRadius": 7,
                              "height": 7,
                              "marginLeft": -3,
                              "position": "absolute",
                              "top": -2,
                              "width": 7,
                            },
                            false,
                            Object {
                              "left": "20%",
                            },
                          ]
                        }
                      />
                      <View
                        style={
                          Array [
                            Object {
                              "backgroundColor": "#f7f7f7",
                              "borderRadius": 7,
                              "height": 7,
                              "marginLeft": -3,
                              "position": "absolute",
                              "top": -2,
                              "width": 7,
                            },
                            false,
                            Object {
                              "left": "40%",
                            },
                          ]
                        }
                      />
                      <View
                        style={
                          Array [
                            Object {
                              "backgroundColor": "#f7f7f7",
                              "borderRadius": 7,
                              "height": 7,
                              "marginLeft": -3,
                              "position": "absolute",
                              "top": -2,
                              "width": 7,
                            },
                            false,
                            Object {
                              "left": "60%",
                            },
                          ]
                        }
                      />
                      <View
                        style={
                          Array [
                            Object {
                              "backgroundColor": "#f7f7f7",
                              "borderRadius": 7,
                              "height": 7,
                              "marginLeft": -3,
                              "position": "absolute",
                              "top": -2,
                              "width": 7,
                            },
                            false,
                            Object {
                              "left": "80%",
                            },
                          ]
                        }
                      />
                      <View
                        style={
                          Array [
                            Object {
                              "backgroundColor": "#f7f7f7",
                              "borderRadius": 7,
                              "height": 7,
                              "marginLeft": -3,
                              "position": "absolute",
                              "top": -2,
                              "width": 7,
                            },
                            false,
                            Object {
                              "left": "100%",
                            },
                          ]
                        }
                      />
                    </View>
                    <View
                      animatedStyle={
                        Object {
                          "value": Object {
                            "transform": Array [
                              Object {
                                "translateX": 0,
                              },
                            ],
                          },
                        }
                      }
                      collapsable={false}
                      onLayout={[Function]}
                      onStartShouldSetResponder={[Function]}
                      style={
                        Object {
                          "transform": Array [
                            Object {
                              "translateX": 0,
                            },
                          ],
                          "zIndex": 2,
                        }
                      }
                    >
                      <View
                        style={
                          Object {
                            "alignItems": "center",
                            "backgroundColor": "#ffffff",
                            "borderRadius": 32,
                            "elevation": 3,
                            "flexDirection": "row",
                            "height": 32,
                            "justifyContent": "center",
                            "shadowColor": "#000000",
                            "shadowOffset": Object {
                              "height": 1,
                              "width": 0,
                            },
                            "shadowOpacity": 0.2,
                            "shadowRadius": 3,
                            "width": 32,
                          }
                        }
                      >
                        <View
                          style={
                            Array [
                              Object {
                                "borderRadius": 2,
                                "height": "30%",
                                "width": 2,
                              },
                              Object {
                                "backgroundColor": "#108ee9",
                              },
                            ]
                          }
                        />
                        <View
                          style={
                            Array [
                              Object {
                                "borderRadius": 2,
                                "height": "30%",
                                "width": 2,
                              },
                              Object {
                                "backgroundColor": "#108ee9",
                                "height": "42%",
                                "marginHorizontal": 3,
                              },
                            ]
                          }
                        />
                        <View
                          style={
                            Array [
                              Object {
                                "borderRadius": 2,
                                "height": "30%",
                                "width": 2,
                              },
                              Object {
                                "backgroundColor": "#108ee9",
                              },
                            ]
                          }
                        />
                      </View>
                    </View>
                  </View>
                  <View
                    style={
                      Object {
                        "height": 11,
                        "position": "relative",
                        "width": "100%",
                      }
                    }
                  >
                    <View
                      style={
                        Array [
                          Object {
                            "position": "absolute",
                          },
                          Object {
                            "left": "0%",
                          },
                        ]
                      }
                    >
                      <Text
                        style={
                          Array [
                            Object {
                              "color": "#333333",
                              "fontSize": 12,
                              "marginLeft": "-50%",
                            },
                            Object {},
                          ]
                        }
                      >
                        0
                      </Text>
                    </View>
                    <View
                      style={
                        Array [
                          Object {
                            "position": "absolute",
                          },
                          Object {
                            "left": "20%",
                          },
                        ]
                      }
                    >
                      <Text
                        style={
                          Array [
                            Object {
                              "color": "#333333",
                              "fontSize": 12,
                              "marginLeft": "-50%",
                            },
                            false,
                          ]
                        }
                      >
                        20
                      </Text>
                    </View>
                    <View
                      style={
                        Array [
                          Object {
                            "position": "absolute",
                          },
                          Object {
                            "left": "40%",
                          },
                        ]
                      }
                    >
                      <Text
                        style={
                          Array [
                            Object {
                              "color": "#333333",
                              "fontSize": 12,
                              "marginLeft": "-50%",
                            },
                            false,
                          ]
                        }
                      >
                        40
                      </Text>
                    </View>
                    <View
                      style={
                        Array [
                          Object {
                            "position": "absolute",
                          },
                          Object {
                            "left": "60%",
                          },
                        ]
                      }
                    >
                      <Text
                        style={
                          Array [
                            Object {
                              "color": "#333333",
                              "fontSize": 12,
                              "marginLeft": "-50%",
                            },
                            false,
                          ]
                        }
                      >
                        60
                      </Text>
                    </View>
                    <View
                      style={
                        Array [
                          Object {
                            "position": "absolute",
                          },
                          Object {
                            "left": "80%",
                          },
                        ]
                      }
                    >
                      <Text
                        style={
                          Array [
                            Object {
                              "color": "#333333",
                              "fontSize": 12,
                              "marginLeft": "-50%",
                            },
                            false,
                          ]
                        }
                      >
                        80
                      </Text>
                    </View>
                    <View
                      style={
                        Array [
                          Object {
                            "position": "absolute",
                          },
                          Object {
                            "left": "100%",
                          },
                        ]
                      }
                    >
                      <Text
                        style={
                          Array [
                            Object {
                              "color": "#333333",
                              "fontSize": 12,
                              "marginLeft": "-50%",
                            },
                            false,
                          ]
                        }
                      >
                        100
                      </Text>
                    </View>
                  </View>
                </View>
              </View>
            </View>
          </View>
        </View>
        <View
          style={
            Object {
              "backgroundColor": "#eeeeee",
              "bottom": 0,
              "height": 0.5,
              "left": 0,
              "position": "absolute",
              "right": 0,
            }
          }
        />
      </View>
    </View>
    <View
      style={
        Array [
          Object {
            "backgroundColor": "#f5f5f9",
          },
          undefined,
        ]
      }
    >
      <Text
        style={
          Object {
            "color": "#888888",
            "fontSize": 14,
            "paddingBottom": 9,
            "paddingHorizontal": 15,
            "paddingTop": 15,
          }
        }
      >
        最大(max)/最小值(min)
      </Text>
      <View
        style={
          Object {
            "borderTopColor": "#eeeeee",
            "borderTopWidth": 0.5,
            "position": "relative",
          }
        }
      >
        <View
          accessible={false}
          focusable={false}
          onClick={[Function]}
          onResponderGrant={[Function]}
          onResponderMove={[Function]}
          onResponderRelease={[Function]}
          onResponderTerminate={[Function]}
          onResponderTerminationRequest={[Function]}
          onStartShouldSetResponder={[Function]}
        >
          <View
            style={
              Array [
                Object {
                  "alignItems": "center",
                  "backgroundColor": "#ffffff",
                  "flexDirection": "row",
                  "flexGrow": 1,
                  "paddingLeft": 15,
                },
                undefined,
              ]
            }
          >
            <View
              style={
                Array [
                  Object {
                    "alignItems": "center",
                    "borderBottomColor": "#dddddd",
                    "borderBottomWidth": 0.5,
                    "flex": 1,
                    "flexDirection": "row",
                    "minHeight": 44,
                    "paddingRight": 15,
                    "paddingVertical": 6,
                  },
                  false,
                  false,
                ]
              }
            >
              <View
                max={1000}
                min={100}
                onAfterChange={[Function]}
                step={100}
                style={
                  Array [
                    Object {
                      "color": "#000000",
                      "flex": 1,
                      "fontSize": 17,
                      "textAlignVertical": "center",
                    },
                    undefined,
                  ]
                }
                ticks={true}
              >
                <View
                  style={
                    Array [
                      Object {
                        "paddingHorizontal": 14,
                        "paddingVertical": 5,
                      },
                      false,
                      undefined,
                    ]
                  }
                >
                  <View
                    onLayout={[Function]}
                    onResponderRelease={[Function]}
                    onStartShouldSetResponder={[Function]}
                    style={
                      Object {
                        "alignItems": "center",
                        "display": "flex",
                        "flexDirection": "row",
                        "paddingVertical": 8,
                        "position": "relative",
                        "width": "100%",
                      }
                    }
                  >
                    <View
                      style={
                        Object {
                          "backgroundColor": "#f7f7f7",
                          "borderRadius": 3,
                          "height": 3,
                          "position": "absolute",
                          "width": "100%",
                          "zIndex": 1,
                        }
                      }
                    />
                    <View
                      style={
                        Array [
                          Object {
                            "backgroundColor": "#108ee9",
                            "borderRadius": 3,
                            "height": 3,
                            "position": "absolute",
                            "zIndex": 1,
                          },
                          Object {
                            "left": "0%",
                            "width": "0%",
                          },
                        ]
                      }
                    />
                    <View
                      style={
                        Object {
                          "backgroundColor": "transparent",
                          "height": 3,
                          "position": "absolute",
                          "width": "100%",
                        }
                      }
                    >
                      <View
                        style={
                          Array [
                            Object {
                              "backgroundColor": "#f7f7f7",
                              "borderRadius": 7,
                              "height": 7,
                              "marginLeft": -3,
                              "position": "absolute",
                              "top": -2,
                              "width": 7,
                            },
                            Object {
                              "backgroundColor": "#108ee9",
                            },
                            Object {
                              "left": "0%",
                            },
                          ]
                        }
                      />
                      <View
                        style={
                          Array [
                            Object {
                              "backgroundColor": "#f7f7f7",
                              "borderRadius": 7,
                              "height": 7,
                              "marginLeft": -3,
                              "position": "absolute",
                              "top": -2,
                              "width": 7,
                            },
                            false,
                            Object {
                              "left": "11.11111111111111%",
                            },
                          ]
                        }
                      />
                      <View
                        style={
                          Array [
                            Object {
                              "backgroundColor": "#f7f7f7",
                              "borderRadius": 7,
                              "height": 7,
                              "marginLeft": -3,
                              "position": "absolute",
                              "top": -2,
                              "width": 7,
                            },
                            false,
                            Object {
                              "left": "22.22222222222222%",
                            },
                          ]
                        }
                      />
                      <View
                        style={
                          Array [
                            Object {
                              "backgroundColor": "#f7f7f7",
                              "borderRadius": 7,
                              "height": 7,
                              "marginLeft": -3,
                              "position": "absolute",
                              "top": -2,
                              "width": 7,
                            },
                            false,
                            Object {
                              "left": "33.33333333333333%",
                            },
                          ]
                        }
                      />
                      <View
                        style={
                          Array [
                            Object {
                              "backgroundColor": "#f7f7f7",
                              "borderRadius": 7,
                              "height": 7,
                              "marginLeft": -3,
                              "position": "absolute",
                              "top": -2,
                              "width": 7,
                            },
                            false,
                            Object {
                              "left": "44.44444444444444%",
                            },
                          ]
                        }
                      />
                      <View
                        style={
                          Array [
                            Object {
                              "backgroundColor": "#f7f7f7",
                              "borderRadius": 7,
                              "height": 7,
                              "marginLeft": -3,
                              "position": "absolute",
                              "top": -2,
                              "width": 7,
                            },
                            false,
                            Object {
                              "left": "55.55555555555556%",
                            },
                          ]
                        }
                      />
                      <View
                        style={
                          Array [
                            Object {
                              "backgroundColor": "#f7f7f7",
                              "borderRadius": 7,
                              "height": 7,
                              "marginLeft": -3,
                              "position": "absolute",
                              "top": -2,
                              "width": 7,
                            },
                            false,
                            Object {
                              "left": "66.66666666666666%",
                            },
                          ]
                        }
                      />
                      <View
                        style={
                          Array [
                            Object {
                              "backgroundColor": "#f7f7f7",
                              "borderRadius": 7,
                              "height": 7,
                              "marginLeft": -3,
                              "position": "absolute",
                              "top": -2,
                              "width": 7,
                            },
                            false,
                            Object {
                              "left": "77.77777777777779%",
                            },
                          ]
                        }
                      />
                      <View
                        style={
                          Array [
                            Object {
                              "backgroundColor": "#f7f7f7",
                              "borderRadius": 7,
                              "height": 7,
                              "marginLeft": -3,
                              "position": "absolute",
                              "top": -2,
                              "width": 7,
                            },
                            false,
                            Object {
                              "left": "88.88888888888889%",
                            },
                          ]
                        }
                      />
                      <View
                        style={
                          Array [
                            Object {
                              "backgroundColor": "#f7f7f7",
                              "borderRadius": 7,
                              "height": 7,
                              "marginLeft": -3,
                              "position": "absolute",
                              "top": -2,
                              "width": 7,
                            },
                            false,
                            Object {
                              "left": "100%",
                            },
                          ]
                        }
                      />
                    </View>
                    <View
                      animatedStyle={
                        Object {
                          "value": Object {
                            "transform": Array [
                              Object {
                                "translateX": 0,
                              },
                            ],
                          },
                        }
                      }
                      collapsable={false}
                      onLayout={[Function]}
                      onStartShouldSetResponder={[Function]}
                      style={
                        Object {
                          "transform": Array [
                            Object {
                              "translateX": 0,
                            },
                          ],
                          "zIndex": 2,
                        }
                      }
                    >
                      <View
                        style={
                          Object {
                            "alignItems": "center",
                            "backgroundColor": "#ffffff",
                            "borderRadius": 32,
                            "elevation": 3,
                            "flexDirection": "row",
                            "height": 32,
                            "justifyContent": "center",
                            "shadowColor": "#000000",
                            "shadowOffset": Object {
                              "height": 1,
                              "width": 0,
                            },
                            "shadowOpacity": 0.2,
                            "shadowRadius": 3,
                            "width": 32,
                          }
                        }
                      >
                        <View
                          style={
                            Array [
                              Object {
                                "borderRadius": 2,
                                "height": "30%",
                                "width": 2,
                              },
                              Object {
                                "backgroundColor": "#108ee9",
                              },
                            ]
                          }
                        />
                        <View
                          style={
                            Array [
                              Object {
                                "borderRadius": 2,
                                "height": "30%",
                                "width": 2,
                              },
                              Object {
                                "backgroundColor": "#108ee9",
                                "height": "42%",
                                "marginHorizontal": 3,
                              },
                            ]
                          }
                        />
                        <View
                          style={
                            Array [
                              Object {
                                "borderRadius": 2,
                                "height": "30%",
                                "width": 2,
                              },
                              Object {
                                "backgroundColor": "#108ee9",
                              },
                            ]
                          }
                        />
                      </View>
                    </View>
                  </View>
                </View>
              </View>
            </View>
          </View>
        </View>
        <View
          style={
            Object {
              "backgroundColor": "#eeeeee",
              "bottom": 0,
              "height": 0.5,
              "left": 0,
              "position": "absolute",
              "right": 0,
            }
          }
        />
      </View>
    </View>
    <View
      style={
        Array [
          Object {
            "backgroundColor": "#f5f5f9",
          },
          undefined,
        ]
      }
    >
      <Text
        style={
          Object {
            "color": "#888888",
            "fontSize": 14,
            "paddingBottom": 9,
            "paddingHorizontal": 15,
            "paddingTop": 15,
          }
        }
      >
        双滑块(range)
      </Text>
      <View
        style={
          Object {
            "borderTopColor": "#eeeeee",
            "borderTopWidth": 0.5,
            "position": "relative",
          }
        }
      >
        <View
          accessible={false}
          focusable={false}
          onClick={[Function]}
          onResponderGrant={[Function]}
          onResponderMove={[Function]}
          onResponderRelease={[Function]}
          onResponderTerminate={[Function]}
          onResponderTerminationRequest={[Function]}
          onStartShouldSetResponder={[Function]}
        >
          <View
            style={
              Array [
                Object {
                  "alignItems": "center",
                  "backgroundColor": "#ffffff",
                  "flexDirection": "row",
                  "flexGrow": 1,
                  "paddingLeft": 15,
                },
                undefined,
              ]
            }
          >
            <View
              style={
                Array [
                  Object {
                    "alignItems": "center",
                    "borderBottomColor": "#dddddd",
                    "borderBottomWidth": 0.5,
                    "flex": 1,
                    "flexDirection": "row",
                    "minHeight": 44,
                    "paddingRight": 15,
                    "paddingVertical": 6,
                  },
                  false,
                  false,
                ]
              }
            >
              <View
                defaultValue={
                  Array [
                    40,
                    60,
                  ]
                }
                marks={
                  Object {
                    "0": 0,
                    "100": 100,
                    "20": 20,
                    "40": 40,
                    "60": 60,
                    "80": 80,
                  }
                }
                range={true}
                style={
                  Array [
                    Object {
                      "color": "#000000",
                      "flex": 1,
                      "fontSize": 17,
                      "textAlignVertical": "center",
                    },
                    undefined,
                  ]
                }
                ticks={true}
              >
                <View
                  style={
                    Array [
                      Object {
                        "paddingHorizontal": 14,
                        "paddingVertical": 5,
                      },
                      false,
                      undefined,
                    ]
                  }
                >
                  <View
                    onLayout={[Function]}
                    onResponderRelease={[Function]}
                    onStartShouldSetResponder={[Function]}
                    style={
                      Object {
                        "alignItems": "center",
                        "display": "flex",
                        "flexDirection": "row",
                        "paddingVertical": 8,
                        "position": "relative",
                        "width": "100%",
                      }
                    }
                  >
                    <View
                      style={
                        Object {
                          "backgroundColor": "#f7f7f7",
                          "borderRadius": 3,
                          "height": 3,
                          "position": "absolute",
                          "width": "100%",
                          "zIndex": 1,
                        }
                      }
                    />
                    <View
                      style={
                        Array [
                          Object {
                            "backgroundColor": "#108ee9",
                            "borderRadius": 3,
                            "height": 3,
                            "position": "absolute",
                            "zIndex": 1,
                          },
                          Object {
                            "left": "40%",
                            "width": "20%",
                          },
                        ]
                      }
                    />
                    <View
                      style={
                        Object {
                          "backgroundColor": "transparent",
                          "height": 3,
                          "position": "absolute",
                          "width": "100%",
                        }
                      }
                    >
                      <View
                        style={
                          Array [
                            Object {
                              "backgroundColor": "#f7f7f7",
                              "borderRadius": 7,
                              "height": 7,
                              "marginLeft": -3,
                              "position": "absolute",
                              "top": -2,
                              "width": 7,
                            },
                            false,
                            Object {
                              "left": "0%",
                            },
                          ]
                        }
                      />
                      <View
                        style={
                          Array [
                            Object {
                              "backgroundColor": "#f7f7f7",
                              "borderRadius": 7,
                              "height": 7,
                              "marginLeft": -3,
                              "position": "absolute",
                              "top": -2,
                              "width": 7,
                            },
                            false,
                            Object {
                              "left": "20%",
                            },
                          ]
                        }
                      />
                      <View
                        style={
                          Array [
                            Object {
                              "backgroundColor": "#f7f7f7",
                              "borderRadius": 7,
                              "height": 7,
                              "marginLeft": -3,
                              "position": "absolute",
                              "top": -2,
                              "width": 7,
                            },
                            Object {
                              "backgroundColor": "#108ee9",
                            },
                            Object {
                              "left": "40%",
                            },
                          ]
                        }
                      />
                      <View
                        style={
                          Array [
                            Object {
                              "backgroundColor": "#f7f7f7",
                              "borderRadius": 7,
                              "height": 7,
                              "marginLeft": -3,
                              "position": "absolute",
                              "top": -2,
                              "width": 7,
                            },
                            Object {
                              "backgroundColor": "#108ee9",
                            },
                            Object {
                              "left": "60%",
                            },
                          ]
                        }
                      />
                      <View
                        style={
                          Array [
                            Object {
                              "backgroundColor": "#f7f7f7",
                              "borderRadius": 7,
                              "height": 7,
                              "marginLeft": -3,
                              "position": "absolute",
                              "top": -2,
                              "width": 7,
                            },
                            false,
                            Object {
                              "left": "80%",
                            },
                          ]
                        }
                      />
                      <View
                        style={
                          Array [
                            Object {
                              "backgroundColor": "#f7f7f7",
                              "borderRadius": 7,
                              "height": 7,
                              "marginLeft": -3,
                              "position": "absolute",
                              "top": -2,
                              "width": 7,
                            },
                            false,
                            Object {
                              "left": "100%",
                            },
                          ]
                        }
                      />
                    </View>
                    <View
                      animatedStyle={
                        Object {
                          "value": Object {
                            "transform": Array [
                              Object {
                                "translateX": 0,
                              },
                            ],
                          },
                        }
                      }
                      collapsable={false}
                      onLayout={[Function]}
                      onStartShouldSetResponder={[Function]}
                      style={
                        Object {
                          "position": "absolute",
                          "transform": Array [
                            Object {
                              "translateX": 0,
                            },
                          ],
                          "zIndex": 2,
                        }
                      }
                    >
                      <View
                        style={
                          Object {
                            "alignItems": "center",
                            "backgroundColor": "#ffffff",
                            "borderRadius": 32,
                            "elevation": 3,
                            "flexDirection": "row",
                            "height": 32,
                            "justifyContent": "center",
                            "shadowColor": "#000000",
                            "shadowOffset": Object {
                              "height": 1,
                              "width": 0,
                            },
                            "shadowOpacity": 0.2,
                            "shadowRadius": 3,
                            "width": 32,
                          }
                        }
                      >
                        <View
                          style={
                            Array [
                              Object {
                                "borderRadius": 2,
                                "height": "30%",
                                "width": 2,
                              },
                              Object {
                                "backgroundColor": "#108ee9",
                              },
                            ]
                          }
                        />
                        <View
                          style={
                            Array [
                              Object {
                                "borderRadius": 2,
                                "height": "30%",
                                "width": 2,
                              },
                              Object {
                                "backgroundColor": "#108ee9",
                                "height": "42%",
                                "marginHorizontal": 3,
                              },
                            ]
                          }
                        />
                        <View
                          style={
                            Array [
                              Object {
                                "borderRadius": 2,
                                "height": "30%",
                                "width": 2,
                              },
                              Object {
                                "backgroundColor": "#108ee9",
                              },
                            ]
                          }
                        />
                      </View>
                    </View>
                    <View
                      animatedStyle={
                        Object {
                          "value": Object {
                            "transform": Array [
                              Object {
                                "translateX": 0,
                              },
                            ],
                          },
                        }
                      }
                      collapsable={false}
                      onLayout={[Function]}
                      onStartShouldSetResponder={[Function]}
                      style={
                        Object {
                          "transform": Array [
                            Object {
                              "translateX": 0,
                            },
                          ],
                          "zIndex": 2,
                        }
                      }
                    >
                      <View
                        style={
                          Object {
                            "alignItems": "center",
                            "backgroundColor": "#ffffff",
                            "borderRadius": 32,
                            "elevation": 3,
                            "flexDirection": "row",
                            "height": 32,
                            "justifyContent": "center",
                            "shadowColor": "#000000",
                            "shadowOffset": Object {
                              "height": 1,
                              "width": 0,
                            },
                            "shadowOpacity": 0.2,
                            "shadowRadius": 3,
                            "width": 32,
                          }
                        }
                      >
                        <View
                          style={
                            Array [
                              Object {
                                "borderRadius": 2,
                                "height": "30%",
                                "width": 2,
                              },
                              Object {
                                "backgroundColor": "#108ee9",
                              },
                            ]
                          }
                        />
                        <View
                          style={
                            Array [
                              Object {
                                "borderRadius": 2,
                                "height": "30%",
                                "width": 2,
                              },
                              Object {
                                "backgroundColor": "#108ee9",
                                "height": "42%",
                                "marginHorizontal": 3,
                              },
                            ]
                          }
                        />
                        <View
                          style={
                            Array [
                              Object {
                                "borderRadius": 2,
                                "height": "30%",
                                "width": 2,
                              },
                              Object {
                                "backgroundColor": "#108ee9",
                              },
                            ]
                          }
                        />
                      </View>
                    </View>
                  </View>
                  <View
                    style={
                      Object {
                        "height": 11,
                        "position": "relative",
                        "width": "100%",
                      }
                    }
                  >
                    <View
                      style={
                        Array [
                          Object {
                            "position": "absolute",
                          },
                          Object {
                            "left": "0%",
                          },
                        ]
                      }
                    >
                      <Text
                        style={
                          Array [
                            Object {
                              "color": "#333333",
                              "fontSize": 12,
                              "marginLeft": "-50%",
                            },
                            false,
                          ]
                        }
                      >
                        0
                      </Text>
                    </View>
                    <View
                      style={
                        Array [
                          Object {
                            "position": "absolute",
                          },
                          Object {
                            "left": "20%",
                          },
                        ]
                      }
                    >
                      <Text
                        style={
                          Array [
                            Object {
                              "color": "#333333",
                              "fontSize": 12,
                              "marginLeft": "-50%",
                            },
                            false,
                          ]
                        }
                      >
                        20
                      </Text>
                    </View>
                    <View
                      style={
                        Array [
                          Object {
                            "position": "absolute",
                          },
                          Object {
                            "left": "40%",
                          },
                        ]
                      }
                    >
                      <Text
                        style={
                          Array [
                            Object {
                              "color": "#333333",
                              "fontSize": 12,
                              "marginLeft": "-50%",
                            },
                            Object {},
                          ]
                        }
                      >
                        40
                      </Text>
                    </View>
                    <View
                      style={
                        Array [
                          Object {
                            "position": "absolute",
                          },
                          Object {
                            "left": "60%",
                          },
                        ]
                      }
                    >
                      <Text
                        style={
                          Array [
                            Object {
                              "color": "#333333",
                              "fontSize": 12,
                              "marginLeft": "-50%",
                            },
                            Object {},
                          ]
                        }
                      >
                        60
                      </Text>
                    </View>
                    <View
                      style={
                        Array [
                          Object {
                            "position": "absolute",
                          },
                          Object {
                            "left": "80%",
                          },
                        ]
                      }
                    >
                      <Text
                        style={
                          Array [
                            Object {
                              "color": "#333333",
                              "fontSize": 12,
                              "marginLeft": "-50%",
                            },
                            false,
                          ]
                        }
                      >
                        80
                      </Text>
                    </View>
                    <View
                      style={
                        Array [
                          Object {
                            "position": "absolute",
                          },
                          Object {
                            "left": "100%",
                          },
                        ]
                      }
                    >
                      <Text
                        style={
                          Array [
                            Object {
                              "color": "#333333",
                              "fontSize": 12,
                              "marginLeft": "-50%",
                            },
                            false,
                          ]
                        }
                      >
                        100
                      </Text>
                    </View>
                  </View>
                </View>
              </View>
            </View>
          </View>
        </View>
        <View
          style={
            Object {
              "backgroundColor": "#eeeeee",
              "bottom": 0,
              "height": 0.5,
              "left": 0,
              "position": "absolute",
              "right": 0,
            }
          }
        />
      </View>
    </View>
    <View
      style={
        Array [
          Object {
            "backgroundColor": "#f5f5f9",
          },
          undefined,
        ]
      }
    >
      <Text
        style={
          Object {
            "color": "#888888",
            "fontSize": 14,
            "paddingBottom": 9,
            "paddingHorizontal": 15,
            "paddingTop": 15,
          }
        }
      >
        在拖动时显示悬浮提示
      </Text>
      <View
        style={
          Object {
            "borderTopColor": "#eeeeee",
            "borderTopWidth": 0.5,
            "position": "relative",
          }
        }
      >
        <View
          accessible={false}
          focusable={false}
          onClick={[Function]}
          onResponderGrant={[Function]}
          onResponderMove={[Function]}
          onResponderRelease={[Function]}
          onResponderTerminate={[Function]}
          onResponderTerminationRequest={[Function]}
          onStartShouldSetResponder={[Function]}
        >
          <View
            style={
              Array [
                Object {
                  "alignItems": "center",
                  "backgroundColor": "#ffffff",
                  "flexDirection": "row",
                  "flexGrow": 1,
                  "paddingLeft": 15,
                },
                undefined,
              ]
            }
          >
            <View
              style={
                Array [
                  Object {
                    "alignItems": "center",
                    "borderBottomColor": "#dddddd",
                    "borderBottomWidth": 0.5,
                    "flex": 1,
                    "flexDirection": "row",
                    "minHeight": 44,
                    "paddingRight": 15,
                    "paddingVertical": 6,
                  },
                  false,
                  false,
                ]
              }
            >
              <View
                popover={true}
                style={
                  Array [
                    Object {
                      "color": "#000000",
                      "flex": 1,
                      "fontSize": 17,
                      "textAlignVertical": "center",
                    },
                    undefined,
                  ]
                }
              >
                <View
                  style={
                    Array [
                      Object {
                        "paddingHorizontal": 14,
                        "paddingVertical": 5,
                      },
                      false,
                      undefined,
                    ]
                  }
                >
                  <View
                    onLayout={[Function]}
                    onResponderRelease={[Function]}
                    onStartShouldSetResponder={[Function]}
                    style={
                      Object {
                        "alignItems": "center",
                        "display": "flex",
                        "flexDirection": "row",
                        "paddingVertical": 8,
                        "position": "relative",
                        "width": "100%",
                      }
                    }
                  >
                    <View
                      style={
                        Object {
                          "backgroundColor": "#f7f7f7",
                          "borderRadius": 3,
                          "height": 3,
                          "position": "absolute",
                          "width": "100%",
                          "zIndex": 1,
                        }
                      }
                    />
                    <View
                      style={
                        Array [
                          Object {
                            "backgroundColor": "#108ee9",
                            "borderRadius": 3,
                            "height": 3,
                            "position": "absolute",
                            "zIndex": 1,
                          },
                          Object {
                            "left": "0%",
                            "width": "0%",
                          },
                        ]
                      }
                    />
                    <View
                      animatedStyle={
                        Object {
                          "value": Object {
                            "transform": Array [
                              Object {
                                "translateX": 0,
                              },
                            ],
                          },
                        }
                      }
                      collapsable={false}
                      onLayout={[Function]}
                      onStartShouldSetResponder={[Function]}
                      style={
                        Object {
                          "transform": Array [
                            Object {
                              "translateX": 0,
                            },
                          ],
                          "zIndex": 2,
                        }
                      }
                    >
                      <View
                        onLayout={[Function]}
                        onPress={[Function]}
                        style={
                          Object {
                            "flex": 1,
                          }
                        }
                      >
                        <View
                          style={
                            Object {
                              "alignItems": "center",
                              "backgroundColor": "#ffffff",
                              "borderRadius": 32,
                              "elevation": 3,
                              "flexDirection": "row",
                              "height": 32,
                              "justifyContent": "center",
                              "shadowColor": "#000000",
                              "shadowOffset": Object {
                                "height": 1,
                                "width": 0,
                              },
                              "shadowOpacity": 0.2,
                              "shadowRadius": 3,
                              "width": 32,
                            }
                          }
                        >
                          <View
                            style={
                              Array [
                                Object {
                                  "borderRadius": 2,
                                  "height": "30%",
                                  "width": 2,
                                },
                                Object {
                                  "backgroundColor": "#108ee9",
                                },
                              ]
                            }
                          />
                          <View
                            style={
                              Array [
                                Object {
                                  "borderRadius": 2,
                                  "height": "30%",
                                  "width": 2,
                                },
                                Object {
                                  "backgroundColor": "#108ee9",
                                  "height": "42%",
                                  "marginHorizontal": 3,
                                },
                              ]
                            }
                          />
                          <View
                            style={
                              Array [
                                Object {
                                  "borderRadius": 2,
                                  "height": "30%",
                                  "width": 2,
                                },
                                Object {
                                  "backgroundColor": "#108ee9",
                                },
                              ]
                            }
                          />
                        </View>
                      </View>
                    </View>
                  </View>
                </View>
              </View>
            </View>
          </View>
        </View>
        <View
          style={
            Object {
              "backgroundColor": "#eeeeee",
              "bottom": 0,
              "height": 0.5,
              "left": 0,
              "position": "absolute",
              "right": 0,
            }
          }
        />
      </View>
    </View>
  </View>
</RCTScrollView>
`;
